Microchip MPLAB XC8 Compiler V2.35

Linker command line:

-W-3 --edf=C:\Program Files\Microchip\xc8\v2.35\pic\dat\en_msgs.txt \
  -pivt0x8=08h -cn -h+dist/default/production\ProConGCC.X.production.sym \
  --cmf=dist/default/production\ProConGCC.X.production.cmf -z -Q18F25K42 \
  -oC:\Users\Mitch\AppData\Local\Temp\xcAsbqc.4 --defsym=__MPLAB_BUILD=1 \
  -Mdist/default/production/ProConGCC.X.production.map \
  --md=C:\Users\Mitch\AppData\Local\Temp\xcAsbqc.dat -E1 -ver=XC8 Compiler \
  --acfsm=1493 -ACODE=00h-07FFFh -ACONST=00h-07FFFh \
  -ASMALLCONST=0800h-08FFhx120 -AMEDIUMCONST=0800h-07FFFh -ACOMRAM=01h-05Fh \
  -AABS1=00h-07FFh -ABIGRAM=01h-07FFh -ARAM=060h-0FFh,0100h-01FFhx7 \
  -ABANK0=060h-0FFh -ABANK1=0100h-01FFh -ABANK2=0200h-02FFh \
  -ABANK3=0300h-03FFh -ABANK4=0400h-04FFh -ABANK5=0500h-05FFh \
  -ABANK6=0600h-06FFh -ABANK7=0700h-07FFh \
  -ASFR=03800h-038FFhx7,03F00h-03F5Fh,03F60h-03FFFh -ABIGSFR=03800h-03FFFh \
  -ACONFIG=0300000h-0300009h -AIDLOC=0200000h-020000Fh \
  -AEEDATA=0310000h-03100FFh -peeprom_data=EEDATA -preset_vec=00h \
  -ppowerup=CODE,init -pramtop=0800h -psmallconst=SMALLCONST \
  -pmediumconst=MEDIUMCONST -pconst=CONST -AFARRAM=00h-00h \
  -prdata=COMRAM,nvrram=COMRAM,nvbit=COMRAM,rbss=COMRAM,rbit=COMRAM \
  -pfarbss=FARRAM,fardata=FARRAM,nvFARRAM=FARRAM \
  -pintsave_regs=BIGRAM,bigbss=BIGRAM,bigdata=BIGRAM -pbss=RAM \
  -pidata=CODE,irdata=CODE,ibigdata=CODE,ifardata=CODE -prparam=COMRAM \
  C:\Users\Mitch\AppData\Local\Temp\xcAsbqc.o \
  dist/default/production\ProConGCC.X.production.o \
  build/default/production/bytepush.o \
  build/default/production/bytecleanup.o \
  build/default/production/bitgrabber.o \
  build/default/production/commandreader.o \
  build/default/production/synccheck.o 

Object code version is 3.11

Machine type is 18F25K42



                Name                               Link     Load   Length Selector   Space Scale
C:\Users\Mitch\AppData\Local\Temp\xcAsbqc.o
                idloc                            200000   200000       10        0       5
                config                           300000   300000        A        0       4
                init                                 1A       1A        4        4       0
                reset_vec                             0        0        4        0       0
dist/default/production\ProConGCC.X.production.o
                idloc                            200000   200000       10        0       5
                config                           300000   300000        A        0       4
                ivt0x8                                8        8       12        4       0
                text13                              5FE      5FE       66        4       0
                text12                              664      664       5C        4       0
                text11                              912      912        A      470       0
                text10                              8E0      8E0       18      470       0
                text9                               908      908        A      470       0
                text8                               522      522       70        4       0
                text7                               86C      86C       22      421       0
                text6                               7EA      7EA       2C      3F5       0
                text5                               8AC      8AC       1A      421       0
                text4                               592      592       6C        4       0
                text3                               842      842       2A      421       0
                text2                               88E      88E       1E      421       0
                text1                               252      252      230        4       0
                text0                               78A      78A       32        4       0
                cstackCOMRAM                         4C       4C        E        1       1
                cstackBANK0                          D7       D7        6       60       1
                dataBANK1                           13C      13C       2B      100       1
                bssBANK1                            100      100       3C      100       1
                dataBANK0                            AA       AA       2D       60       1
                bssBANK0                             60       60       4A       60       1
                dataCOMRAM                           33       33       19        1       1
                bssCOMRAM                             1        1       32        1       1
                cinit                               482      482       A0        4       0
                nvBANK0                              DD       DD        2       60       1
                idataBANK1                          816      816       2B      3F5       0
                idataBANK0                          7BC      7BC       2D        4       0
                idataCOMRAM                         8C6      8C6       19      421       0
build/default/production/bytepush.o
                barfunc                              1E       1E      234        4       0
build/default/production/bytecleanup.o
                barfunc                             754      754       36        4       0
build/default/production/bitgrabber.o
                barfunc                             716      716       3E        4       0
build/default/production/commandreader.o
                barfunc                             6C0      6C0       56        4       0
build/default/production/synccheck.o
                barfunc                             8F8      8F8       10      470       0

TOTAL           Name                               Link     Load   Length     Space
        CLASS   CODE           
                init                                 1A       1A        4         0
                reset_vec                             0        0        4         0
                ivt0x8                                8        8       12         0
                text13                              5FE      5FE       66         0
                text12                              664      664       5C         0
                text11                              912      912        A         0
                text10                              8E0      8E0       18         0
                text9                               908      908        A         0
                text8                               522      522       70         0
                text7                               86C      86C       22         0
                text6                               7EA      7EA       2C         0
                text5                               8AC      8AC       1A         0
                text4                               592      592       6C         0
                text3                               842      842       2A         0
                text2                               88E      88E       1E         0
                text1                               252      252      230         0
                text0                               78A      78A       32         0
                cinit                               482      482       A0         0
                idataBANK1                          816      816       2B         0
                idataBANK0                          7BC      7BC       2D         0
                idataCOMRAM                         8C6      8C6       19         0
                barfunc                              1E       1E      234         0
                barfunc                             754      754       36         0
                barfunc                             716      716       3E         0
                barfunc                             6C0      6C0       56         0
                barfunc                             8F8      8F8       10         0

        CLASS   CONST          

        CLASS   SMALLCONST     

        CLASS   MEDIUMCONST    

        CLASS   COMRAM         
                cstackCOMRAM                         4C       4C        E         1
                dataCOMRAM                           33       33       19         1
                bssCOMRAM                             1        1       32         1

        CLASS   ABS1           

        CLASS   BIGRAM         

        CLASS   RAM            

        CLASS   BANK0          
                cstackBANK0                          D7       D7        6         1
                dataBANK0                            AA       AA       2D         1
                bssBANK0                             60       60       4A         1
                nvBANK0                              DD       DD        2         1

        CLASS   BANK1          
                dataBANK1                           13C      13C       2B         1
                bssBANK1                            100      100       3C         1

        CLASS   BANK2          

        CLASS   BANK3          

        CLASS   BANK4          

        CLASS   BANK5          

        CLASS   BANK6          

        CLASS   BANK7          

        CLASS   SFR            

        CLASS   BIGSFR         

        CLASS   CONFIG         
                config                           300000   300000        A         4

        CLASS   IDLOC          
                idloc                            200000   200000       10         5

        CLASS   EEDATA         

        CLASS   FARRAM         

        CLASS   HEAP           

        CLASS   STACK          



SEGMENTS        Name                           Load    Length   Top    Selector   Space  Class

                reset_vec                      000000  000004  000004         0       0  CODE    
                bssCOMRAM                      000001  000059  00005A         1       1  COMRAM  
                ivt0x8                         000008  0007E1  0007E9         4       0  CODE    
                bssBANK0                       000060  00007F  0000DF        60       1  BANK0   
                bssBANK1                       000100  000067  000167       100       1  BANK1   
                text6                          0007EA  000057  000841       3F5       0  CODE    
                text3                          000842  00009D  0008DF       421       0  CODE    
                text10                         0008E0  00003C  00091C       470       0  CODE    


UNUSED ADDRESS RANGES

        Name                Unused          Largest block    Delta
        BANK0            0000DF-0000FF               21
        BANK1            000167-0001FF               99
        BANK2            000200-0002FF              100
        BANK3            000300-0003FF              100
        BANK4            000400-0004FF              100
        BANK5            000500-0005FF              100
        BANK6            000600-0006FF              100
        BANK7            000700-0007FF              100
        BIGRAM           00005A-00005F                6
                         0000DF-0000FF               21
                         000167-0007FF              699
        BIGSFR           003800-003FFF              800
        CODE             000004-000007                4
                         0007E9-0007E9                1
                         000841-000841                1
                         0008DF-0008DF                1
                         00091C-007FFF             76E4
        COMRAM           00005A-00005F                6
        CONST            000004-000007                4
                         0007E9-0007E9                1
                         000841-000841                1
                         0008DF-0008DF                1
                         00091C-007FFF             76E4
        EEDATA           310000-3100FF              100
        MEDIUMCONST      000841-000841                1
                         0008DF-0008DF                1
                         00091C-007FFF             76E4
        RAM              0000DF-0000FF               21
                         000167-0007FF              100
        SFR              003800-003FFF              100
        SMALLCONST       000841-000841                1
                         0008DF-0008DF                1
                         00091C-007FFF              100

                                  Symbol Table

?___wmul                                    cstackCOMRAM 000052
IOCBF2_SetInterruptHandler@InterruptHandler cstackCOMRAM 000052
IVTBASEH                                    (abs)        003FD6
IVTBASEL                                    (abs)        003FD5
IVTBASEU                                    (abs)        003FD7
_ADACCH                                     (abs)        003EE9
_ADACCL                                     (abs)        003EE8
_ADACCU                                     (abs)        003EEA
_ADACQH                                     (abs)        003EF4
_ADACQL                                     (abs)        003EF3
_ADACT                                      (abs)        003EFE
_ADCAP                                      (abs)        003EF5
_ADCC_Initialize                            text12       000664
_ADCLK                                      (abs)        003EFF
_ADCNT                                      (abs)        003EEB
_ADCON0                                     (abs)        003EF8
_ADCON0bits                                 (abs)        003EF8
_ADCON1                                     (abs)        003EF9
_ADCON2                                     (abs)        003EFA
_ADCON3                                     (abs)        003EFB
_ADERRH                                     (abs)        003EE3
_ADERRL                                     (abs)        003EE2
_ADFLTRH                                    (abs)        003EE7
_ADFLTRL                                    (abs)        003EE6
_ADLTHH                                     (abs)        003EDF
_ADLTHL                                     (abs)        003EDE
_ADPCH                                      (abs)        003EF1
_ADPREH                                     (abs)        003EF7
_ADPREL                                     (abs)        003EF6
_ADPREVH                                    (abs)        003EEE
_ADPREVL                                    (abs)        003EED
_ADREF                                      (abs)        003EFD
_ADRESH                                     (abs)        003EF0
_ADRESL                                     (abs)        003EEF
_ADRPT                                      (abs)        003EEC
_ADSTAT                                     (abs)        003EFC
_ADSTPTH                                    (abs)        003EE5
_ADSTPTL                                    (abs)        003EE4
_ADUTHH                                     (abs)        003EE1
_ADUTHL                                     (abs)        003EE0
_ANSELA                                     (abs)        003A40
_ANSELB                                     (abs)        003A50
_ANSELC                                     (abs)        003A60
_INLVLA                                     (abs)        003A44
_INLVLB                                     (abs)        003A54
_INLVLC                                     (abs)        003A64
_INLVLE                                     (abs)        003A84
_INTCON0bits                                (abs)        003FD2
_INTERRUPT_Initialize                       text11       000912
_INTERRUPT_InterruptManagerHigh             text13       0005FE
_IOCBF2_DefaultInterruptHandler             (abs)        000000
_IOCBF2_InterruptHandler                    nvBANK0      0000DD
_IOCBF2_SetInterruptHandler                 text9        000908
_IOCBFbits                                  (abs)        003A57
_IOCBNbits                                  (abs)        003A56
_IOCBPbits                                  (abs)        003A55
_IPR1bits                                   (abs)        003981
_LATA                                       (abs)        003FBA
_LATB                                       (abs)        003FBB
_LATC                                       (abs)        003FBC
_ODCONA                                     (abs)        003A42
_ODCONB                                     (abs)        003A52
_ODCONC                                     (abs)        003A62
_OSCCON1                                    (abs)        0039D9
_OSCCON3                                    (abs)        0039DB
_OSCEN                                      (abs)        0039DD
_OSCFRQ                                     (abs)        0039DF
_OSCILLATOR_Initialize                      text10       0008E0
_OSCTUNE                                    (abs)        0039DE
_PIE1bits                                   (abs)        003991
_PIN_MANAGER_Initialize                     text8        000522
_PIR1bits                                   (abs)        0039A1
_PMD0                                       (abs)        0039C0
_PMD1                                       (abs)        0039C1
_PMD2                                       (abs)        0039C2
_PMD3                                       (abs)        0039C3
_PMD4                                       (abs)        0039C4
_PMD5                                       (abs)        0039C5
_PMD6                                       (abs)        0039C6
_PMD7                                       (abs)        0039C7
_PMD_Initialize                             text7        00086C
_PORTAbits                                  (abs)        003FCA
_PORTCbits                                  (abs)        003FCC
_RB1I2C                                     (abs)        003A5A
_RB2I2C                                     (abs)        003A5B
_RC3I2C                                     (abs)        003A6A
_RC4I2C                                     (abs)        003A6B
_SLRCONA                                    (abs)        003A43
_SLRCONB                                    (abs)        003A53
_SLRCONC                                    (abs)        003A63
_SMT1CLK                                    (abs)        003F21
_SMT1CON0                                   (abs)        003F1E
_SMT1CON1                                   (abs)        003F1F
_SMT1CON1bits                               (abs)        003F1F
_SMT1CPR                                    (abs)        003F15
_SMT1CPW                                    (abs)        003F18
_SMT1CPWL                                   (abs)        003F18
_SMT1PRH                                    (abs)        003F1C
_SMT1PRL                                    (abs)        003F1B
_SMT1PRU                                    (abs)        003F1D
_SMT1SIG                                    (abs)        003F22
_SMT1SIGPPS                                 (abs)        003AD2
_SMT1STAT                                   (abs)        003F20
_SMT1TMR                                    (abs)        003F12
_SMT1WIN                                    (abs)        003F23
_SMT1_Initialize                            text6        0007EA
_SYSTEM_Initialize                          text5        0008AC
_SettingData                                dataBANK1    00013C
_TRISA                                      (abs)        003FC2
_TRISB                                      (abs)        003FC3
_TRISC                                      (abs)        003FC4
_WPUA                                       (abs)        003A41
_WPUB                                       (abs)        003A51
_WPUC                                       (abs)        003A61
_WPUE                                       (abs)        003A81
__HRAM                                      (abs)        000000
__Habs1                                     abs1         000000
__Hbank0                                    bank0        000000
__Hbank1                                    bank1        000000
__Hbank2                                    bank2        000000
__Hbank3                                    bank3        000000
__Hbank4                                    bank4        000000
__Hbank5                                    bank5        000000
__Hbank6                                    bank6        000000
__Hbank7                                    bank7        000000
__Hbigbss                                   bigbss       000000
__Hbigdata                                  bigdata      000000
__Hbigram                                   bigram       000000
__Hbigsfr                                   bigsfr       000000
__Hbss                                      bss          000000
__HbssBANK0                                 bssBANK0     000000
__HbssBANK1                                 bssBANK1     000000
__HbssCOMRAM                                bssCOMRAM    000000
__Hcinit                                    cinit        000000
__Hclrtext                                  clrtext      000000
__Hcode                                     code         000000
__Hcomram                                   comram       000000
__Hconfig                                   config       30000A
__Hconst                                    const        000000
__HcstackBANK0                              cstackBANK0  000000
__HcstackCOMRAM                             cstackCOMRAM 000000
__Hdata                                     data         000000
__HdataBANK0                                dataBANK0    000000
__HdataBANK1                                dataBANK1    000000
__HdataCOMRAM                               dataCOMRAM   000000
__Hedata                                    edata        000000
__Heeprom_data                              eeprom_data  000000
__Hfarbss                                   farbss       000000
__Hfardata                                  fardata      000000
__Hheap                                     heap         000000
__Hibigdata                                 ibigdata     000000
__Hidata                                    idata        000000
__HidataBANK0                               idataBANK0   000000
__HidataBANK1                               idataBANK1   000000
__HidataCOMRAM                              idataCOMRAM  000000
__Hidloc                                    idloc        200010
__Hifardata                                 ifardata     000000
__Hinit                                     init         00001E
__Hintsave_regs                             intsave_regs 000000
__Hirdata                                   irdata       000000
__Hivt0x8                                   ivt0x8       00001A
__Hmediumconst                              mediumconst  000000
__HnvBANK0                                  nvBANK0      000000
__HnvFARRAM                                 nvFARRAM     000000
__Hnvbit                                    nvbit        000000
__Hnvrram                                   nvrram       000000
__Hparam                                    rparam       000000
__Hpowerup                                  powerup      000000
__Hram                                      ram          000000
__Hramtop                                   ramtop       000800
__Hrbit                                     rbit         000000
__Hrbss                                     rbss         000000
__Hrdata                                    rdata        000000
__Hreset_vec                                reset_vec    000004
__Hrparam                                   rparam       000000
__Hsfr                                      sfr          000000
__Hsmallconst                               smallconst   000000
__Hspace_0                                  (abs)        00091C
__Hspace_1                                  (abs)        000167
__Hspace_2                                  (abs)        000000
__Hspace_3                                  (abs)        000000
__Hspace_4                                  (abs)        60000A
__Hstack                                    stack        000000
__Hstruct                                   struct       000000
__Htemp                                     temp         000000
__Htext                                     text         000000
__Htext0                                    text0        000000
__Htext1                                    text1        000000
__Htext10                                   text10       000000
__Htext11                                   text11       000000
__Htext12                                   text12       000000
__Htext13                                   text13       000000
__Htext2                                    text2        000000
__Htext3                                    text3        000000
__Htext4                                    text4        000000
__Htext5                                    text5        000000
__Htext6                                    text6        000000
__Htext7                                    text7        000000
__Htext8                                    text8        000000
__Htext9                                    text9        000000
__Hudata                                    udata        000000
__Hudata_acs                                udata_acs    000000
__Hudata_bank0                              udata_bank0  000000
__Hudata_bank1                              udata_bank1  000000
__Hudata_bank2                              udata_bank2  000000
__Hudata_bank3                              udata_bank3  000000
__Hudata_bank4                              udata_bank4  000000
__Hudata_bank5                              udata_bank5  000000
__Hudata_bank6                              udata_bank6  000000
__Hudata_bank7                              udata_bank7  000000
__LRAM                                      (abs)        000001
__Labs1                                     abs1         000000
__Lbank0                                    bank0        000000
__Lbank1                                    bank1        000000
__Lbank2                                    bank2        000000
__Lbank3                                    bank3        000000
__Lbank4                                    bank4        000000
__Lbank5                                    bank5        000000
__Lbank6                                    bank6        000000
__Lbank7                                    bank7        000000
__Lbigbss                                   bigbss       000000
__Lbigdata                                  bigdata      000000
__Lbigram                                   bigram       000000
__Lbigsfr                                   bigsfr       000000
__Lbss                                      bss          000000
__LbssBANK0                                 bssBANK0     000000
__LbssBANK1                                 bssBANK1     000000
__LbssCOMRAM                                bssCOMRAM    000000
__Lcinit                                    cinit        000000
__Lclrtext                                  clrtext      000000
__Lcode                                     code         000000
__Lcomram                                   comram       000000
__Lconfig                                   config       000000
__Lconst                                    const        000000
__LcstackBANK0                              cstackBANK0  000000
__LcstackCOMRAM                             cstackCOMRAM 000000
__Ldata                                     data         000000
__LdataBANK0                                dataBANK0    000000
__LdataBANK1                                dataBANK1    000000
__LdataCOMRAM                               dataCOMRAM   000000
__Ledata                                    edata        000000
__Leeprom_data                              eeprom_data  000000
__Lfarbss                                   farbss       000000
__Lfardata                                  fardata      000000
__Lheap                                     heap         000000
__Libigdata                                 ibigdata     000000
__Lidata                                    idata        000000
__LidataBANK0                               idataBANK0   000000
__LidataBANK1                               idataBANK1   000000
__LidataCOMRAM                              idataCOMRAM  000000
__Lidloc                                    idloc        000000
__Lifardata                                 ifardata     000000
__Linit                                     init         00001A
__Lintsave_regs                             intsave_regs 000000
__Lirdata                                   irdata       000000
__Livt0x8                                   ivt0x8       000008
__Lmediumconst                              mediumconst  000000
__LnvBANK0                                  nvBANK0      000000
__LnvFARRAM                                 nvFARRAM     000000
__Lnvbit                                    nvbit        000000
__Lnvrram                                   nvrram       000000
__Lparam                                    rparam       000000
__Lpowerup                                  powerup      000000
__Lram                                      ram          000000
__Lramtop                                   ramtop       000800
__Lrbit                                     rbit         000000
__Lrbss                                     rbss         000000
__Lrdata                                    rdata        000000
__Lreset_vec                                reset_vec    000000
__Lrparam                                   rparam       000000
__Lsfr                                      sfr          000000
__Lsmallconst                               smallconst   000000
__Lspace_0                                  (abs)        000000
__Lspace_1                                  (abs)        000000
__Lspace_2                                  (abs)        000000
__Lspace_3                                  (abs)        000000
__Lspace_4                                  (abs)        000000
__Lstack                                    stack        000000
__Lstruct                                   struct       000000
__Ltemp                                     temp         000000
__Ltext                                     text         000000
__Ltext0                                    text0        000000
__Ltext1                                    text1        000000
__Ltext10                                   text10       000000
__Ltext11                                   text11       000000
__Ltext12                                   text12       000000
__Ltext13                                   text13       000000
__Ltext2                                    text2        000000
__Ltext3                                    text3        000000
__Ltext4                                    text4        000000
__Ltext5                                    text5        000000
__Ltext6                                    text6        000000
__Ltext7                                    text7        000000
__Ltext8                                    text8        000000
__Ltext9                                    text9        000000
__Ludata                                    udata        000000
__Ludata_acs                                udata_acs    000000
__Ludata_bank0                              udata_bank0  000000
__Ludata_bank1                              udata_bank1  000000
__Ludata_bank2                              udata_bank2  000000
__Ludata_bank3                              udata_bank3  000000
__Ludata_bank4                              udata_bank4  000000
__Ludata_bank5                              udata_bank5  000000
__Ludata_bank6                              udata_bank6  000000
__Ludata_bank7                              udata_bank7  000000
__S0                                        (abs)        00091C
__S1                                        (abs)        000167
__S3                                        (abs)        000000
__S4                                        (abs)        000000
__S5                                        (abs)        000000
___heap_hi                                  (abs)        000000
___heap_lo                                  (abs)        000000
___inthi_sp                                 stack        000000
___intlo_sp                                 stack        000000
___param_bank                               (abs)        000000
___rparam_used                              (abs)        000001
___sp                                       stack        000000
___wmul                                     text3        000842
___wmul@multiplicand                        cstackCOMRAM 000054
___wmul@multiplier                          cstackCOMRAM 000052
___wmul@product                             cstackCOMRAM 000056
__accesstop                                 (abs)        000060
__activetblptr                              (abs)        000002
__end_of_ADCC_Initialize                    text12       0006C0
__end_of_INTERRUPT_Initialize               text11       00091C
__end_of_INTERRUPT_InterruptManagerHigh     text13       000664
__end_of_IOCBF2_SetInterruptHandler         text9        000912
__end_of_OSCILLATOR_Initialize              text10       0008F8
__end_of_PIN_MANAGER_Initialize             text8        000592
__end_of_PMD_Initialize                     text7        00088E
__end_of_SMT1_Initialize                    text6        000816
__end_of_SYSTEM_Initialize                  text5        0008C6
__end_of___wmul                             text3        00086C
__end_of__initialization                    cinit        000518
__end_of_checkbuttons                       text4        0005FE
__end_of_main                               text0        0007BC
__end_of_scansticks                         text1        000482
__end_of_slinjim                            text2        0008AC
__initialization                            cinit        000482
__mediumconst                               mediumconst  000000
__pbssBANK0                                 bssBANK0     000060
__pbssBANK1                                 bssBANK1     000100
__pbssCOMRAM                                bssCOMRAM    000001
__pcinit                                    cinit        000482
__pcstackBANK0                              cstackBANK0  0000D7
__pcstackCOMRAM                             cstackCOMRAM 00004C
__pdataBANK0                                dataBANK0    0000AA
__pdataBANK1                                dataBANK1    00013C
__pdataCOMRAM                               dataCOMRAM   000033
__pidataBANK0                               idataBANK0   0007BC
__pidataBANK1                               idataBANK1   000816
__pidataCOMRAM                              idataCOMRAM  0008C6
__pivt0x8                                   ivt0x8       000008
__pnvBANK0                                  nvBANK0      0000DD
__ptext0                                    text0        00078A
__ptext1                                    text1        000252
__ptext10                                   text10       0008E0
__ptext11                                   text11       000912
__ptext12                                   text12       000664
__ptext13                                   text13       0005FE
__ptext2                                    text2        00088E
__ptext3                                    text3        000842
__ptext4                                    text4        000592
__ptext5                                    text5        0008AC
__ptext6                                    text6        0007EA
__ptext7                                    text7        00086C
__ptext8                                    text8        000522
__ptext9                                    text9        000908
__ramtop                                    ramtop       000800
__smallconst                                smallconst   000000
_a_value                                    dataBANK0    0000B9
_adc_read                                   bssCOMRAM    00000B
_b_value                                    dataBANK0    0000B7
_bit_counter                                bssCOMRAM    000026
_bitgrabber                                 barfunc      000716
_bytecleanup                                barfunc      000754
_bytepush                                   barfunc      00001E
_checkbuttons                               text4        000592
_clearRead@joysticks$F1541                  bssCOMRAM    000013
_commandreader                              barfunc      0006C0
_controller_phase                           bssCOMRAM    000027
_cx_center                                  dataBANK0    0000D3
_cx_high                                    dataBANK0    0000D1
_cx_highMultiplier                          dataBANK0    0000C1
_cx_low                                     dataBANK0    0000D5
_cx_lowMultiplier                           dataBANK0    0000BF
_cy_center                                  dataBANK0    0000CD
_cy_high                                    dataBANK0    0000CB
_cy_highMultiplier                          dataBANK0    0000BD
_cy_low                                     dataBANK0    0000CF
_cy_lowMultiplier                           dataBANK0    0000BB
_gCommandOriginMask                         dataCOMRAM   000048
_gCommandPollMask                           dataCOMRAM   000047
_gConBitCounter                             dataCOMRAM   00004B
_gConByteCount                              bssCOMRAM    000031
_gConOriginResponse                         dataBANK0    0000AA
_gConOutByte                                bssCOMRAM    000032
_gConOutIdx                                 bssCOMRAM    000030
_gConPollPacket                             dataCOMRAM   000033
_gConProbeResponse                          dataBANK0    0000B4
_gInBitBuffer                               bssBANK1     000100
_gInBitBufferIdx                            bssCOMRAM    00002F
_gInBitCounter                              dataCOMRAM   00004A
_gInCommandByte                             bssCOMRAM    00002D
_gInPacket                                  bssBANK0     000060
_gInPacketIdx                               bssCOMRAM    00002C
_gInPulseWidth                              bssCOMRAM    00002E
_gInStatus                                  bssCOMRAM    00002B
_gLowThreshold                              dataCOMRAM   000049
_initiatedRead@joysticks$F1540              bssCOMRAM    000014
_main                                       text0        00078A
_scansticks                                 text1        000252
_slinjim                                    text2        00088E
_stickIdx@joysticks$F1539                   bssCOMRAM    000015
_sx_center                                  dataCOMRAM   000043
_sx_high                                    dataCOMRAM   000041
_sx_highMultiplier                          dataBANK0    0000C9
_sx_low                                     dataCOMRAM   000045
_sx_lowMultiplier                           dataBANK0    0000C7
_sy_center                                  dataCOMRAM   00003D
_sy_high                                    dataCOMRAM   00003B
_sy_highMultiplier                          dataBANK0    0000C5
_sy_low                                     dataCOMRAM   00003F
_sy_lowMultiplier                           dataBANK0    0000C3
_synccheck                                  barfunc      0008F8
_testHigh                                   bssCOMRAM    00001A
_testLow                                    bssCOMRAM    000019
_testcount                                  bssCOMRAM    000022
_testpulse                                  bssCOMRAM    00001E
_tmpcenter@joysticks$F1536                  bssCOMRAM    000005
_tmphigh@joysticks$F1534                    bssCOMRAM    000009
_tmphighm@joysticks$F1537                   bssCOMRAM    000003
_tmplow@joysticks$F1535                     bssCOMRAM    000007
_tmplowm@joysticks$F1538                    bssCOMRAM    000001
end_of_initialization                       cinit        000518
intlevel0                                   text         000000
intlevel1                                   text         000000
intlevel2                                   text         000000
intlevel3                                   text         000000
isa$std                                     (abs)        000001
isa$xinst                                   (abs)        000000
ivt0x8_base                                 ivt0x8       000008
slinjim@conversion                          cstackCOMRAM 000058
slinjim@dividend                            cstackBANK0  0000D7
slinjim@multiplier                          cstackBANK0  0000D9
stackhi                                     (abs)        000000
stacklo                                     (abs)        000000
start                                       init         00001A
start_initialization                        cinit        000482


MODULE INFORMATION

Module		Function		Class		Link	Load	Size
button.c
		_checkbuttons  		CODE           	0592	0000	108

button.c estimated size: 108

mcc_generated_files/interrupt_manager.c
		_INTERRUPT_Initialize		CODE           	0912	0000	10
		_INTERRUPT_InterruptManagerHigh		CODE           	05FE	0000	102

mcc_generated_files/interrupt_manager.c estimated size: 112

C:\Program Files\Microchip\xc8\v2.35\pic\sources\c99\common\Umul16.c
		___wmul        		CODE           	0842	0000	42

C:\Program Files\Microchip\xc8\v2.35\pic\sources\c99\common\Umul16.c estimated size: 42

mcc_generated_files/pin_manager.c
		_PIN_MANAGER_Initialize		CODE           	0522	0000	112
		_IOCBF2_SetInterruptHandler		CODE           	0908	0000	10

mcc_generated_files/pin_manager.c estimated size: 122

joysticks.c
		_slinjim       		CODE           	088E	0000	30
		_scansticks    		CODE           	0252	0000	560

joysticks.c estimated size: 590

shared
		__initialization		CODE           	0482	0000	150

shared estimated size: 150

mcc_generated_files/smt1.c
		_SMT1_Initialize		CODE           	07EA	0000	44

mcc_generated_files/smt1.c estimated size: 44

mcc_generated_files/mcc.c
		_PMD_Initialize		CODE           	086C	0000	34
		_OSCILLATOR_Initialize		CODE           	08E0	0000	24
		_SYSTEM_Initialize		CODE           	08AC	0000	26

mcc_generated_files/mcc.c estimated size: 84

mcc_generated_files/adcc.c
		_ADCC_Initialize		CODE           	0664	0000	92

mcc_generated_files/adcc.c estimated size: 92

main.c
		_main          		CODE           	078A	0000	50

main.c estimated size: 50

